◇ injected env (13) from .env // tip: ⌘ override existing { override: true }
◇ injected env (0) from .env // tip: ⌘ suppress logs { quiet: true }
[Redis] Önbellek sunucusuna başarıyla bağlandı.
(node:879998) Warning: Setting the NODE_TLS_REJECT_UNAUTHORIZED environment variable to '0' makes TLS connections and HTTPS requests insecure by disabling certificate verification.
(Use `node --trace-warnings ...` to show where the warning was created)
[Bot] Nyx#0026 olarak giriş yapıldı!
Database tables initialized.
[Scheduler] Merkezi zamanlayıcı başlatılıyor (tek döngü + açılışta kaçırılan işler)...
[Scheduler] Modüller zamanlandı (merkezi).
[Sistem Kurtarma] Bot başlangıç durumu taranıyor ve geri yükleniyor...
[Sistem Kurtarma] 0 aktif sesli üyenin XP sayacı kaldığı yerden devam ettirildi.
[Sistem Kurtarma] Tüm sistem durumları başarıyla eşitlendi.
[Bot] Moderasyon sistemleri aktif.
[TicketSystem] 0 aktif bilet kanalı önbelleğe yüklendi.
[Müzik] Lavalink Düğümü Hazır: Kasawa-Main
[Müzik] Lavalink Bağlantısı Kapandı (Lavalink-Backup): Kod 1006 - 
[Müzik] Lavalink Hatası (Kasawa-Main): fetch failed
[Müzik] Lavalink Bağlantısı Kapandı (Lavalink-Backup): Kod 1006 - 
[Müzik] Lavalink Bağlantısı Kapandı (Lavalink-Backup): Kod 1006 - 
[Müzik] Lavalink Bağlantısı Kapandı (Lavalink-Backup): Kod 1006 - 
[Müzik] Lavalink Hatası (Lavalink-Backup): socket hang up
