[2026-08-16T20:17:53.195Z] [GIVEAWAY] start_modal {"userId":"651790387198820425","prize":"Dildo","durationStr":"1d","winnerCount":1,"channelInputStr":"1176648341015248906"}
[2026-08-16T20:17:54.726Z] [GIVEAWAY] start_complete {"messageId":"1538642981530108094","prize":"Dildo","channelId":"1176648341015248906","endsAt":1786997873203}
[2026-08-16T20:17:55.207Z] [GIVEAWAY] scheduler_tick {"activeCount":1,"now":1786911475207}
[2026-08-16T20:17:59.356Z] [GIVEAWAY] join_toggled {"messageId":"1538642981530108094","userId":"651790387198820425","joined":true,"count":1}
[2026-08-16T20:17:59.360Z] [GIVEAWAY] join_msg_edit_error {"messageId":"1538642981530108094","error":"Cannot mix BigInt and other types, use explicit conversions"}
[2026-08-16T20:18:04.337Z] [GIVEAWAY] list_open {"guildId":"1062369725067304990","userId":"651790387198820425"}
[2026-08-16T20:18:05.200Z] [GIVEAWAY] scheduler_tick {"activeCount":1,"now":1786911485200}
[2026-08-16T20:18:15.201Z] [GIVEAWAY] scheduler_tick {"activeCount":1,"now":1786911495201}
[2026-08-16T20:18:25.200Z] [GIVEAWAY] scheduler_tick {"activeCount":1,"now":1786911505200}
[2026-08-16T20:18:35.200Z] [GIVEAWAY] scheduler_tick {"activeCount":1,"now":1786911515200}
[2026-08-16T20:18:42.846Z] [GIVEAWAY] list_open {"guildId":"1062369725067304990","userId":"651790387198820425"}
[2026-08-16T20:18:45.200Z] [GIVEAWAY] scheduler_tick {"activeCount":1,"now":1786911525200}
[2026-08-16T20:18:55.201Z] [GIVEAWAY] scheduler_tick {"activeCount":1,"now":1786911535201}
[2026-08-16T20:19:05.201Z] [GIVEAWAY] scheduler_tick {"activeCount":1,"now":1786911545201}
[2026-08-16T20:19:15.201Z] [GIVEAWAY] scheduler_tick {"activeCount":1,"now":1786911555201}
[2026-08-16T20:19:25.204Z] [GIVEAWAY] scheduler_tick {"activeCount":1,"now":1786911565204}
[2026-08-16T20:19:35.205Z] [GIVEAWAY] scheduler_tick {"activeCount":1,"now":1786911575205}
[2026-08-16T20:19:45.205Z] [GIVEAWAY] scheduler_tick {"activeCount":1,"now":1786911585205}
[2026-08-16T20:19:55.207Z] [GIVEAWAY] scheduler_tick {"activeCount":1,"now":1786911595207}
[2026-08-16T20:20:05.210Z] [GIVEAWAY] scheduler_tick {"activeCount":1,"now":1786911605210}
[2026-08-16T20:20:15.206Z] [GIVEAWAY] scheduler_tick {"activeCount":1,"now":1786911615206}
[2026-08-16T20:20:25.214Z] [GIVEAWAY] scheduler_tick {"activeCount":1,"now":1786911625214}
[2026-08-16T20:20:35.209Z] [GIVEAWAY] scheduler_tick {"activeCount":1,"now":1786911635209}
[2026-08-16T20:20:45.207Z] [GIVEAWAY] scheduler_tick {"activeCount":1,"now":1786911645207}
[2026-08-16T20:20:55.208Z] [GIVEAWAY] scheduler_tick {"activeCount":1,"now":1786911655208}
[2026-08-16T20:21:05.211Z] [GIVEAWAY] scheduler_tick {"activeCount":1,"now":1786911665211}
[2026-08-16T20:21:15.210Z] [GIVEAWAY] scheduler_tick {"activeCount":1,"now":1786911675210}
[2026-08-16T20:21:25.207Z] [GIVEAWAY] scheduler_tick {"activeCount":1,"now":1786911685207}
[2026-08-16T20:21:35.210Z] [GIVEAWAY] scheduler_tick {"activeCount":1,"now":1786911695210}
[2026-08-16T20:21:45.215Z] [GIVEAWAY] scheduler_tick {"activeCount":1,"now":1786911705215}
[2026-08-16T20:21:55.210Z] [GIVEAWAY] scheduler_tick {"activeCount":1,"now":1786911715210}
[2026-08-16T20:22:05.211Z] [GIVEAWAY] scheduler_tick {"activeCount":1,"now":1786911725211}
[2026-08-16T20:22:15.217Z] [GIVEAWAY] scheduler_tick {"activeCount":1,"now":1786911735217}
[2026-08-16T20:22:25.212Z] [GIVEAWAY] scheduler_tick {"activeCount":1,"now":1786911745212}
[2026-08-16T20:22:35.215Z] [GIVEAWAY] scheduler_tick {"activeCount":1,"now":1786911755215}
[2026-08-16T20:22:45.214Z] [GIVEAWAY] scheduler_tick {"activeCount":1,"now":1786911765214}
[2026-08-16T20:22:55.216Z] [GIVEAWAY] scheduler_tick {"activeCount":1,"now":1786911775216}
[2026-08-16T20:23:05.362Z] [GIVEAWAY] scheduler_tick {"activeCount":1,"now":1786911785362}
[2026-08-16T20:23:15.237Z] [GIVEAWAY] scheduler_tick {"activeCount":1,"now":1786911795237}
[2026-08-16T20:23:25.218Z] [GIVEAWAY] scheduler_tick {"activeCount":1,"now":1786911805218}
[2026-08-16T20:23:35.219Z] [GIVEAWAY] scheduler_tick {"activeCount":1,"now":1786911815219}
[2026-08-16T20:23:45.221Z] [GIVEAWAY] scheduler_tick {"activeCount":1,"now":1786911825221}
[2026-08-16T20:23:55.219Z] [GIVEAWAY] scheduler_tick {"activeCount":1,"now":1786911835219}
[2026-08-16T20:24:05.221Z] [GIVEAWAY] scheduler_tick {"activeCount":1,"now":1786911845221}
[2026-08-16T20:24:15.221Z] [GIVEAWAY] scheduler_tick {"activeCount":1,"now":1786911855221}
[2026-08-16T20:24:25.223Z] [GIVEAWAY] scheduler_tick {"activeCount":1,"now":1786911865223}
[2026-08-16T20:24:35.227Z] [GIVEAWAY] scheduler_tick {"activeCount":1,"now":1786911875227}
[2026-08-16T20:24:45.225Z] [GIVEAWAY] scheduler_tick {"activeCount":1,"now":1786911885225}
[2026-08-16T20:24:55.224Z] [GIVEAWAY] scheduler_tick {"activeCount":1,"now":1786911895224}
[2026-08-16T20:25:05.226Z] [GIVEAWAY] scheduler_tick {"activeCount":1,"now":1786911905226}
[2026-08-16T20:25:15.226Z] [GIVEAWAY] scheduler_tick {"activeCount":1,"now":1786911915226}
[2026-08-16T20:25:25.231Z] [GIVEAWAY] scheduler_tick {"activeCount":1,"now":1786911925231}
[2026-08-16T20:25:35.226Z] [GIVEAWAY] scheduler_tick {"activeCount":1,"now":1786911935226}
[2026-08-16T20:25:45.230Z] [GIVEAWAY] scheduler_tick {"activeCount":1,"now":1786911945230}
[2026-08-16T20:25:55.225Z] [GIVEAWAY] scheduler_tick {"activeCount":1,"now":1786911955225}
[2026-08-16T20:26:05.230Z] [GIVEAWAY] scheduler_tick {"activeCount":1,"now":1786911965230}
[2026-08-16T20:26:15.228Z] [GIVEAWAY] scheduler_tick {"activeCount":1,"now":1786911975228}
[2026-08-16T20:26:25.230Z] [GIVEAWAY] scheduler_tick {"activeCount":1,"now":1786911985230}
[2026-08-16T20:26:35.229Z] [GIVEAWAY] scheduler_tick {"activeCount":1,"now":1786911995229}
[2026-08-16T20:26:45.228Z] [GIVEAWAY] scheduler_tick {"activeCount":1,"now":1786912005228}
[2026-08-16T20:26:55.230Z] [GIVEAWAY] scheduler_tick {"activeCount":1,"now":1786912015230}
[2026-08-16T20:27:05.230Z] [GIVEAWAY] scheduler_tick {"activeCount":1,"now":1786912025230}
[2026-08-16T20:27:15.232Z] [GIVEAWAY] scheduler_tick {"activeCount":1,"now":1786912035232}
[2026-08-16T20:27:25.230Z] [GIVEAWAY] scheduler_tick {"activeCount":1,"now":1786912045230}
[2026-08-16T20:27:35.232Z] [GIVEAWAY] scheduler_tick {"activeCount":1,"now":1786912055232}
[2026-08-16T20:27:45.232Z] [GIVEAWAY] scheduler_tick {"activeCount":1,"now":1786912065232}
[2026-08-16T20:27:55.232Z] [GIVEAWAY] scheduler_tick {"activeCount":1,"now":1786912075231}
[2026-08-16T20:28:05.236Z] [GIVEAWAY] scheduler_tick {"activeCount":1,"now":1786912085236}
[2026-08-16T20:28:15.232Z] [GIVEAWAY] scheduler_tick {"activeCount":1,"now":1786912095232}
[2026-08-16T20:28:25.235Z] [GIVEAWAY] scheduler_tick {"activeCount":1,"now":1786912105235}
[2026-08-16T20:28:35.235Z] [GIVEAWAY] scheduler_tick {"activeCount":1,"now":1786912115235}
[2026-08-16T20:28:45.234Z] [GIVEAWAY] scheduler_tick {"activeCount":1,"now":1786912125234}
[2026-08-16T20:28:55.239Z] [GIVEAWAY] scheduler_tick {"activeCount":1,"now":1786912135239}
[2026-08-16T20:29:05.237Z] [GIVEAWAY] scheduler_tick {"activeCount":1,"now":1786912145237}
[2026-08-16T20:29:15.235Z] [GIVEAWAY] scheduler_tick {"activeCount":1,"now":1786912155235}
[2026-08-16T20:29:25.238Z] [GIVEAWAY] scheduler_tick {"activeCount":1,"now":1786912165238}
[2026-08-16T20:29:35.240Z] [GIVEAWAY] scheduler_tick {"activeCount":1,"now":1786912175240}
[2026-08-16T20:29:45.239Z] [GIVEAWAY] scheduler_tick {"activeCount":1,"now":1786912185239}
[2026-08-16T20:29:55.240Z] [GIVEAWAY] scheduler_tick {"activeCount":1,"now":1786912195240}
[2026-08-16T20:30:05.239Z] [GIVEAWAY] scheduler_tick {"activeCount":1,"now":1786912205239}
[2026-08-16T20:30:15.241Z] [GIVEAWAY] scheduler_tick {"activeCount":1,"now":1786912215241}
[2026-08-16T20:30:25.242Z] [GIVEAWAY] scheduler_tick {"activeCount":1,"now":1786912225242}
[2026-08-16T20:31:00.056Z] [GIVEAWAY] scheduler_tick {"activeCount":1,"now":1786912260055}
[2026-08-16T20:31:10.049Z] [GIVEAWAY] scheduler_tick {"activeCount":1,"now":1786912270049}
[2026-08-16T20:31:20.048Z] [GIVEAWAY] scheduler_tick {"activeCount":1,"now":1786912280048}
[2026-08-16T20:31:30.050Z] [GIVEAWAY] scheduler_tick {"activeCount":1,"now":1786912290050}
[2026-08-16T20:31:40.051Z] [GIVEAWAY] scheduler_tick {"activeCount":1,"now":1786912300051}
[2026-08-16T20:31:50.049Z] [GIVEAWAY] scheduler_tick {"activeCount":1,"now":1786912310049}
[2026-08-16T20:32:00.051Z] [GIVEAWAY] scheduler_tick {"activeCount":1,"now":1786912320051}
[2026-08-16T20:32:10.053Z] [GIVEAWAY] scheduler_tick {"activeCount":1,"now":1786912330053}
[2026-08-16T20:32:20.049Z] [GIVEAWAY] scheduler_tick {"activeCount":1,"now":1786912340049}
[2026-08-16T20:32:30.051Z] [GIVEAWAY] scheduler_tick {"activeCount":1,"now":1786912350051}
[2026-08-16T20:32:40.052Z] [GIVEAWAY] scheduler_tick {"activeCount":1,"now":1786912360052}
